[dotenv@17.3.1] injecting env (8) from .env -- tip: ≡ƒñû agentic secret storage: https://dotenvx.com/as2
--- Testing Gemini ---

--- Testing Groq ---
Groq Response success: Regarding your question about honesty, in Islam, **honesty** is considered a fundamental virtue and ...
