﻿[dotenv@17.3.1] injecting env (8) from .env -- tip: ≡ƒ¢í∩╕Å auth for agents: https://vestauth.com
--- Testing Gemini ---
node : Gemini Error (Full): 
GoogleGenerativeAIFetchError: 
[GoogleGenerativeAI Error]: Error fetching 
from https://generativelanguage.googleapis.
com/v1beta/models/gemini-1.5-flash:generate
Content: [404 Not Found] 
models/gemini-1.5-flash is not found for 
API version v1beta, or is not supported 
for generateContent. Call ListModels to 
see the list of available models and their 
supported methods.
At line:1 char:1
+ node reproduce_ai_error.js > 
test_output.txt 2>&1
+ ~~~~~~~~~~~~~~~~~~~~~~~~~~~~~~~~~~~~~~~~~
~~~~~~~~
    + CategoryInfo          : NotSpecified 
   : (Gemini Error (F...ported methods.:S  
  tring) [], RemoteException
    + FullyQualifiedErrorId : NativeComman 
   dError
 
    at handleResponseNotOk (file:///D:/Hadi
th%20Master/backend/node_modules/@google/ge
nerative-ai/dist/index.mjs:432:11)
    at process.processTicksAndRejections 
(node:internal/process/task_queues:105:5)
    at async makeRequest (file:///D:/Hadith
%20Master/backend/node_modules/@google/gene
rative-ai/dist/index.mjs:401:9)
    at async generateContent (file:///D:/Ha
dith%20Master/backend/node_modules/@google/
generative-ai/dist/index.mjs:865:22)
    at async testGemini (file:///D:/Hadith%
20Master/backend/reproduce_ai_error.js:36:2
4)
    at async runTests (file:///D:/Hadith%20
Master/backend/reproduce_ai_error.js:75:5) 
{
  status: 404,
  statusText: 'Not Found',
  errorDetails: undefined
}
Stack: Error: [GoogleGenerativeAI Error]: 
Error fetching from https://generativelangu
age.googleapis.com/v1beta/models/gemini-1.5
-flash:generateContent: [404 Not Found] 
models/gemini-1.5-flash is not found for 
API version v1beta, or is not supported 
for generateContent. Call ListModels to 
see the list of available models and their 
supported methods.
    at handleResponseNotOk (file:///D:/Hadi
th%20Master/backend/node_modules/@google/ge
nerative-ai/dist/index.mjs:432:11)
    at process.processTicksAndRejections 
(node:internal/process/task_queues:105:5)
    at async makeRequest (file:///D:/Hadith
%20Master/backend/node_modules/@google/gene
rative-ai/dist/index.mjs:401:9)
    at async generateContent (file:///D:/Ha
dith%20Master/backend/node_modules/@google/
generative-ai/dist/index.mjs:865:22)
    at async testGemini (file:///D:/Hadith%
20Master/backend/reproduce_ai_error.js:36:2
4)
    at async runTests (file:///D:/Hadith%20
Master/backend/reproduce_ai_error.js:75:5)

--- Testing Groq ---
Groq Response success: Regarding your question about honesty, in Islam, **honesty** is considered a fundamental virtue and ...
